// Jest Snapshot v1, https://goo.gl/fbAQLP

exports[`inlineChangesHighlighted commit with a small diff 1`] = `
"
commit 26ca49fb83758bace20a473e231d576aa1bbe115                                                                         
Author: Shrey Banga <shrey@quip.com>                                                                                    
Date:   Tue May 23 16:47:17 2017 -0700                                                                                  
                                                                                                                        
    sonos to brew                                                                                                       
                                                                                                                        
────────────────────────────────────────────────────────────────────────────────────────────────────────────────────────
 ■■ Brewfile                                                                                                            
────────────────────────────────────────────────────────────────────────────────────────────────────────────────────────
@@ -19,2 +19,3 @@ brew 'python3'                                                                                        
   19    brew 'socat'                                          19    brew 'socat'                                       
                                                               20  + brew 'sonos'                                       
   20    brew 'terminal-notifier'                              21    brew 'terminal-notifier'                           
@@ -42,3 +43,2 @@ cask 'rescuetime'                                                                                     
   42    cask 'slate'                                          43    cask 'slate'                                       
   43  - cask 'sonos'                                                                                                   
   44    cask 'spotify'                                        44    cask 'spotify'                                     
"
`;

exports[`inlineChangesHighlighted commit with a small diff without a/ and b/ prefixs 1`] = `
"
commit 26ca49fb83758bace20a473e231d576aa1bbe115                                                                         
Author: Shrey Banga <shrey@quip.com>                                                                                    
Date:   Tue May 23 16:47:17 2017 -0700                                                                                  
                                                                                                                        
    sonos to brew                                                                                                       
                                                                                                                        
────────────────────────────────────────────────────────────────────────────────────────────────────────────────────────
 ■■ Brewfile                                                                                                            
────────────────────────────────────────────────────────────────────────────────────────────────────────────────────────
@@ -19,2 +19,3 @@ brew 'python3'                                                                                        
   19    brew 'socat'                                          19    brew 'socat'                                       
                                                               20  + brew 'sonos'                                       
   20    brew 'terminal-notifier'                              21    brew 'terminal-notifier'                           
@@ -42,3 +43,2 @@ cask 'rescuetime'                                                                                     
   42    cask 'slate'                                          43    cask 'slate'                                       
   43  - cask 'sonos'                                                                                                   
   44    cask 'spotify'                                        44    cask 'spotify'                                     
"
`;

exports[`inlineChangesHighlighted commit with addition 1`] = `
"
commit f735de7025c6d626c5ae1a291fe24f143dea0313                                                                         
Author: Shrey Banga <banga.shrey@gmail.com>                                                                             
Date:   Sun Apr 11 15:25:34 2021 -0700                                                                                  
                                                                                                                        
    Add theme support                                                                                                   
                                                                                                                        
────────────────────────────────────────────────────────────────────────────────────────────────────────────────────────
 ■■ todo.md                                                                                                             
────────────────────────────────────────────────────────────────────────────────────────────────────────────────────────
@@ -9,2 +9,3 @@                                                                                                         
    9    -   [x] Organize code                                  9    -   [x] Organize code                              
                                                               10  + -   [x] Move visual config to theme                
   10    -   [ ] Handle empty diffs                            11    -   [ ] Handle empty diffs                         
   11                                                          12                                                       
"
`;

exports[`inlineChangesHighlighted commit with binary file addition 1`] = `
"
commit c0ca4394fd55f1709